// Vitest Snapshot v1, https://vitest.dev/guide/snapshot.html

exports[`Should render correctly 1`] = `"<div data-v-e1a1b265="" class="block" style="background-color: rgb(0, 0, 0);" draggable="true"><button data-v-e1a1b265="" data-test-id="removeBlockButton"> Usuń </button><label data-v-e1a1b265="" class="block__color-picker button"> Zmień <input data-v-e1a1b265="" data-test-id="colorPickerInput" type="color"></label></div>"`;
